
AVRASM ver. 2.1.30  D:\PJH\Github_clone\Haman3rd_PJH\Embeded_Project\Debug\List\Project1_final.asm Mon Apr 08 12:25:31 2024

D:\PJH\Github_clone\Haman3rd_PJH\Embeded_Project\Debug\List\Project1_final.asm(1419): warning: Register r5 already defined by the .DEF directive
D:\PJH\Github_clone\Haman3rd_PJH\Embeded_Project\Debug\List\Project1_final.asm(1420): warning: Register r4 already defined by the .DEF directive
D:\PJH\Github_clone\Haman3rd_PJH\Embeded_Project\Debug\List\Project1_final.asm(1421): warning: Register r7 already defined by the .DEF directive
D:\PJH\Github_clone\Haman3rd_PJH\Embeded_Project\Debug\List\Project1_final.asm(1422): warning: Register r6 already defined by the .DEF directive
D:\PJH\Github_clone\Haman3rd_PJH\Embeded_Project\Debug\List\Project1_final.asm(1423): warning: Register r9 already defined by the .DEF directive
D:\PJH\Github_clone\Haman3rd_PJH\Embeded_Project\Debug\List\Project1_final.asm(1424): warning: Register r10 already defined by the .DEF directive
D:\PJH\Github_clone\Haman3rd_PJH\Embeded_Project\Debug\List\Project1_final.asm(1425): warning: Register r11 already defined by the .DEF directive
D:\PJH\Github_clone\Haman3rd_PJH\Embeded_Project\Debug\List\Project1_final.asm(1426): warning: Register r12 already defined by the .DEF directive
D:\PJH\Github_clone\Haman3rd_PJH\Embeded_Project\Debug\List\Project1_final.asm(1427): warning: Register r13 already defined by the .DEF directive
                 
                 
                 ;CodeVisionAVR C Compiler V3.52 Evaluation
                 ;(C) Copyright 1998-2023 Pavel Haiduc, HP InfoTech S.R.L.
                 ;http://www.hpinfotech.ro
                 
                 ;Build configuration    : Debug
                 ;Chip type              : ATmega128A
                 ;Program type           : Application
                 ;Clock frequency        : 16.000000 MHz
                 ;Memory model           : Small
                 ;Optimize for           : Size
                 ;(s)printf features     : int, width
                 ;(s)scanf features      : int, width
                 ;External RAM size      : 0
                 ;Data Stack size        : 1024 byte(s)
                 ;Heap size              : 0 byte(s)
                 ;Promote 'char' to 'int': Yes
                 ;'char' is unsigned     : Yes
                 ;8 bit enums            : Yes
                 ;Global 'const' stored in FLASH: No
                 ;Enhanced function parameter passing: Mode 2
                 ;Enhanced core instructions: On
                 ;Automatic register allocation for global variables: On
                 ;Smart register allocation: On
                 
                 	#define _MODEL_SMALL_
                 
                 	#pragma AVRPART ADMIN PART_NAME ATmega128A
                 	#pragma AVRPART MEMORY PROG_FLASH 131072
                 	#pragma AVRPART MEMORY EEPROM 4096
                 	#pragma AVRPART MEMORY INT_SRAM SIZE 4096
                 	#pragma AVRPART MEMORY INT_SRAM START_ADDR 0x100
                 
                 	#define CALL_SUPPORTED 1
                 
                 	.LISTMAC
                 	.EQU UDRE=0x5
                 	.EQU RXC=0x7
                 	.EQU USR=0xB
                 	.EQU UDR=0xC
                 	.EQU SPSR=0xE
                 	.EQU SPDR=0xF
                 	.EQU EERE=0x0
                 	.EQU EEWE=0x1
                 	.EQU EEMWE=0x2
                 	.EQU EECR=0x1C
                 	.EQU EEDR=0x1D
                 	.EQU EEARL=0x1E
                 	.EQU EEARH=0x1F
                 	.EQU WDTCR=0x21
                 	.EQU MCUCR=0x35
                 	.EQU SPMCSR=0x68
                 	.EQU RAMPZ=0x3B
                 	.EQU SPL=0x3D
                 	.EQU SPH=0x3E
                 	.EQU SREG=0x3F
                 	.EQU XMCRA=0x6D
                 	.EQU XMCRB=0x6C
                 
                 	.DEF R0X0=R0
                 	.DEF R0X1=R1
                 	.DEF R0X2=R2
                 	.DEF R0X3=R3
                 	.DEF R0X4=R4
                 	.DEF R0X5=R5
                 	.DEF R0X6=R6
                 	.DEF R0X7=R7
                 	.DEF R0X8=R8
                 	.DEF R0X9=R9
                 	.DEF R0XA=R10
                 	.DEF R0XB=R11
                 	.DEF R0XC=R12
                 	.DEF R0XD=R13
                 	.DEF R0XE=R14
                 	.DEF R0XF=R15
                 	.DEF R0X10=R16
                 	.DEF R0X11=R17
                 	.DEF R0X12=R18
                 	.DEF R0X13=R19
                 	.DEF R0X14=R20
                 	.DEF R0X15=R21
                 	.DEF R0X16=R22
                 	.DEF R0X17=R23
                 	.DEF R0X18=R24
                 	.DEF R0X19=R25
                 	.DEF R0X1A=R26
                 	.DEF R0X1B=R27
                 	.DEF R0X1C=R28
                 	.DEF R0X1D=R29
                 	.DEF R0X1E=R30
                 	.DEF R0X1F=R31
                 
                 	.EQU __SRAM_START=0x0100
                 	.EQU __SRAM_END=0x10FF
                 	.EQU __DSTACK_SIZE=0x0400
                 	.EQU __HEAP_SIZE=0x0000
                 	.EQU __CLEAR_SRAM_SIZE=__SRAM_END-__SRAM_START+1
                 
                 	.EQU __FLASH_PAGE_SIZE=0x80
                 
                 	.MACRO __CPD1N
                 	CPI  R30,LOW(@0)
                 	LDI  R26,HIGH(@0)
                 	CPC  R31,R26
                 	LDI  R26,BYTE3(@0)
                 	CPC  R22,R26
                 	LDI  R26,BYTE4(@0)
                 	CPC  R23,R26
                 	.ENDM
                 
                 	.MACRO __CPD2N
                 	CPI  R26,LOW(@0)
                 	LDI  R30,HIGH(@0)
                 	CPC  R27,R30
                 	LDI  R30,BYTE3(@0)
                 	CPC  R24,R30
                 	LDI  R30,BYTE4(@0)
                 	CPC  R25,R30
                 	.ENDM
                 
                 	.MACRO __CPWRR
                 	CP   R@0,R@2
                 	CPC  R@1,R@3
                 	.ENDM
                 
                 	.MACRO __CPWRN
                 	CPI  R@0,LOW(@2)
                 	LDI  R30,HIGH(@2)
                 	CPC  R@1,R30
                 	.ENDM
                 
                 	.MACRO __ADDB1MN
                 	SUBI R30,LOW(-@0-(@1))
                 	.ENDM
                 
                 	.MACRO __ADDB2MN
                 	SUBI R26,LOW(-@0-(@1))
                 	.ENDM
                 
                 	.MACRO __ADDW1MN
                 	SUBI R30,LOW(-@0-(@1))
                 	SBCI R31,HIGH(-@0-(@1))
                 	.ENDM
                 
                 	.MACRO __ADDW2MN
                 	SUBI R26,LOW(-@0-(@1))
                 	SBCI R27,HIGH(-@0-(@1))
                 	.ENDM
                 
                 	.MACRO __ADDW1FN
                 	SUBI R30,LOW(-2*@0-(@1))
                 	SBCI R31,HIGH(-2*@0-(@1))
                 	.ENDM
                 
                 	.MACRO __ADDD1FN
                 	SUBI R30,LOW(-2*@0-(@1))
                 	SBCI R31,HIGH(-2*@0-(@1))
                 	SBCI R22,BYTE3(-2*@0-(@1))
                 	.ENDM
                 
                 	.MACRO __ADDD1N
                 	SUBI R30,LOW(-@0)
                 	SBCI R31,HIGH(-@0)
                 	SBCI R22,BYTE3(-@0)
                 	SBCI R23,BYTE4(-@0)
                 	.ENDM
                 
                 	.MACRO __ADDD2N
                 	SUBI R26,LOW(-@0)
                 	SBCI R27,HIGH(-@0)
                 	SBCI R24,BYTE3(-@0)
                 	SBCI R25,BYTE4(-@0)
                 	.ENDM
                 
                 	.MACRO __SUBD1N
                 	SUBI R30,LOW(@0)
                 	SBCI R31,HIGH(@0)
                 	SBCI R22,BYTE3(@0)
                 	SBCI R23,BYTE4(@0)
                 	.ENDM
                 
                 	.MACRO __SUBD2N
                 	SUBI R26,LOW(@0)
                 	SBCI R27,HIGH(@0)
                 	SBCI R24,BYTE3(@0)
                 	SBCI R25,BYTE4(@0)
                 	.ENDM
                 
                 	.MACRO __ANDBMNN
                 	LDS  R30,@0+(@1)
                 	ANDI R30,LOW(@2)
                 	STS  @0+(@1),R30
                 	.ENDM
                 
                 	.MACRO __ANDWMNN
                 	LDS  R30,@0+(@1)
                 	ANDI R30,LOW(@2)
                 	STS  @0+(@1),R30
                 	LDS  R30,@0+(@1)+1
                 	ANDI R30,HIGH(@2)
                 	STS  @0+(@1)+1,R30
                 	.ENDM
                 
                 	.MACRO __ANDD1N
                 	ANDI R30,LOW(@0)
                 	ANDI R31,HIGH(@0)
                 	ANDI R22,BYTE3(@0)
                 	ANDI R23,BYTE4(@0)
                 	.ENDM
                 
                 	.MACRO __ANDD2N
                 	ANDI R26,LOW(@0)
                 	ANDI R27,HIGH(@0)
                 	ANDI R24,BYTE3(@0)
                 	ANDI R25,BYTE4(@0)
                 	.ENDM
                 
                 	.MACRO __ORBMNN
                 	LDS  R30,@0+(@1)
                 	ORI  R30,LOW(@2)
                 	STS  @0+(@1),R30
                 	.ENDM
                 
                 	.MACRO __ORWMNN
                 	LDS  R30,@0+(@1)
                 	ORI  R30,LOW(@2)
                 	STS  @0+(@1),R30
                 	LDS  R30,@0+(@1)+1
                 	ORI  R30,HIGH(@2)
                 	STS  @0+(@1)+1,R30
                 	.ENDM
                 
                 	.MACRO __ORD1N
                 	ORI  R30,LOW(@0)
                 	ORI  R31,HIGH(@0)
                 	ORI  R22,BYTE3(@0)
                 	ORI  R23,BYTE4(@0)
                 	.ENDM
                 
                 	.MACRO __ORD2N
                 	ORI  R26,LOW(@0)
                 	ORI  R27,HIGH(@0)
                 	ORI  R24,BYTE3(@0)
                 	ORI  R25,BYTE4(@0)
                 	.ENDM
                 
                 	.MACRO __DELAY_USB
                 	LDI  R24,LOW(@0)
                 __DELAY_USB_LOOP:
                 	DEC  R24
                 	BRNE __DELAY_USB_LOOP
                 	.ENDM
                 
                 	.MACRO __DELAY_USW
                 	LDI  R24,LOW(@0)
                 	LDI  R25,HIGH(@0)
                 __DELAY_USW_LOOP:
                 	SBIW R24,1
                 	BRNE __DELAY_USW_LOOP
                 	.ENDM
                 
                 	.MACRO __GETW1P
                 	LD   R30,X+
                 	LD   R31,X
                 	SBIW R26,1
                 	.ENDM
                 
                 	.MACRO __GETD1S
                 	LDD  R30,Y+@0
                 	LDD  R31,Y+@0+1
                 	LDD  R22,Y+@0+2
                 	LDD  R23,Y+@0+3
                 	.ENDM
                 
                 	.MACRO __GETD2S
                 	LDD  R26,Y+@0
                 	LDD  R27,Y+@0+1
                 	LDD  R24,Y+@0+2
                 	LDD  R25,Y+@0+3
                 	.ENDM
                 
                 	.MACRO __GETD1P_INC
                 	LD   R30,X+
                 	LD   R31,X+
                 	LD   R22,X+
                 	LD   R23,X+
                 	.ENDM
                 
                 	.MACRO __GETD1P_DEC
                 	LD   R23,-X
                 	LD   R22,-X
                 	LD   R31,-X
                 	LD   R30,-X
                 	.ENDM
                 
                 	.MACRO __PUTDP1
                 	ST   X+,R30
                 	ST   X+,R31
                 	ST   X+,R22
                 	ST   X,R23
                 	.ENDM
                 
                 	.MACRO __PUTDP1_DEC
                 	ST   -X,R23
                 	ST   -X,R22
                 	ST   -X,R31
                 	ST   -X,R30
                 	.ENDM
                 
                 	.MACRO __PUTD1S
                 	STD  Y+@0,R30
                 	STD  Y+@0+1,R31
                 	STD  Y+@0+2,R22
                 	STD  Y+@0+3,R23
                 	.ENDM
                 
                 	.MACRO __PUTD2S
                 	STD  Y+@0,R26
                 	STD  Y+@0+1,R27
                 	STD  Y+@0+2,R24
                 	STD  Y+@0+3,R25
                 	.ENDM
                 
                 	.MACRO __PUTDZ2
                 	STD  Z+@0,R26
                 	STD  Z+@0+1,R27
                 	STD  Z+@0+2,R24
                 	STD  Z+@0+3,R25
                 	.ENDM
                 
                 	.MACRO __CLRD1S
                 	STD  Y+@0,R30
                 	STD  Y+@0+1,R30
                 	STD  Y+@0+2,R30
                 	STD  Y+@0+3,R30
                 	.ENDM
                 
                 	.MACRO __CPD10
                 	SBIW R30,0
                 	SBCI R22,0
                 	SBCI R23,0
                 	.ENDM
                 
                 	.MACRO __CPD20
                 	SBIW R26,0
                 	SBCI R24,0
                 	SBCI R25,0
                 	.ENDM
                 
                 	.MACRO __ADDD12
                 	ADD  R30,R26
                 	ADC  R31,R27
                 	ADC  R22,R24
                 	ADC  R23,R25
                 	.ENDM
                 
                 	.MACRO __ADDD21
                 	ADD  R26,R30
                 	ADC  R27,R31
                 	ADC  R24,R22
                 	ADC  R25,R23
                 	.ENDM
                 
                 	.MACRO __SUBD12
                 	SUB  R30,R26
                 	SBC  R31,R27
                 	SBC  R22,R24
                 	SBC  R23,R25
                 	.ENDM
                 
                 	.MACRO __SUBD21
                 	SUB  R26,R30
                 	SBC  R27,R31
                 	SBC  R24,R22
                 	SBC  R25,R23
                 	.ENDM
                 
                 	.MACRO __ANDD12
                 	AND  R30,R26
                 	AND  R31,R27
                 	AND  R22,R24
                 	AND  R23,R25
                 	.ENDM
                 
                 	.MACRO __ORD12
                 	OR   R30,R26
                 	OR   R31,R27
                 	OR   R22,R24
                 	OR   R23,R25
                 	.ENDM
                 
                 	.MACRO __XORD12
                 	EOR  R30,R26
                 	EOR  R31,R27
                 	EOR  R22,R24
                 	EOR  R23,R25
                 	.ENDM
                 
                 	.MACRO __XORD21
                 	EOR  R26,R30
                 	EOR  R27,R31
                 	EOR  R24,R22
                 	EOR  R25,R23
                 	.ENDM
                 
                 	.MACRO __COMD1
                 	COM  R30
                 	COM  R31
                 	COM  R22
                 	COM  R23
                 	.ENDM
                 
                 	.MACRO __MULD2_2
                 	LSL  R26
                 	ROL  R27
                 	ROL  R24
                 	ROL  R25
                 	.ENDM
                 
                 	.MACRO __LSRD1
                 	LSR  R23
                 	ROR  R22
                 	ROR  R31
                 	ROR  R30
                 	.ENDM
                 
                 	.MACRO __LSLD1
                 	LSL  R30
                 	ROL  R31
                 	ROL  R22
                 	ROL  R23
                 	.ENDM
                 
                 	.MACRO __ASRB4
                 	ASR  R30
                 	ASR  R30
                 	ASR  R30
                 	ASR  R30
                 	.ENDM
                 
                 	.MACRO __ASRW8
                 	MOV  R30,R31
                 	CLR  R31
                 	SBRC R30,7
                 	SER  R31
                 	.ENDM
                 
                 	.MACRO __LSRD16
                 	MOV  R30,R22
                 	MOV  R31,R23
                 	LDI  R22,0
                 	LDI  R23,0
                 	.ENDM
                 
                 	.MACRO __LSLD16
                 	MOV  R22,R30
                 	MOV  R23,R31
                 	LDI  R30,0
                 	LDI  R31,0
                 	.ENDM
                 
                 	.MACRO __CWD1
                 	MOV  R22,R31
                 	ADD  R22,R22
                 	SBC  R22,R22
                 	MOV  R23,R22
                 	.ENDM
                 
                 	.MACRO __CWD2
                 	MOV  R24,R27
                 	ADD  R24,R24
                 	SBC  R24,R24
                 	MOV  R25,R24
                 	.ENDM
                 
                 	.MACRO __SETMSD1
                 	SER  R31
                 	SER  R22
                 	SER  R23
                 	.ENDM
                 
                 	.MACRO __ADDW1R15
                 	CLR  R0
                 	ADD  R30,R15
                 	ADC  R31,R0
                 	.ENDM
                 
                 	.MACRO __ADDW2R15
                 	CLR  R0
                 	ADD  R26,R15
                 	ADC  R27,R0
                 	.ENDM
                 
                 	.MACRO __EQB12
                 	CP   R30,R26
                 	LDI  R30,1
                 	BREQ PC+2
                 	CLR  R30
                 	.ENDM
                 
                 	.MACRO __NEB12
                 	CP   R30,R26
                 	LDI  R30,1
                 	BRNE PC+2
                 	CLR  R30
                 	.ENDM
                 
                 	.MACRO __LEB12
                 	CP   R30,R26
                 	LDI  R30,1
                 	BRGE PC+2
                 	CLR  R30
                 	.ENDM
                 
                 	.MACRO __GEB12
                 	CP   R26,R30
                 	LDI  R30,1
                 	BRGE PC+2
                 	CLR  R30
                 	.ENDM
                 
                 	.MACRO __LTB12
                 	CP   R26,R30
                 	LDI  R30,1
                 	BRLT PC+2
                 	CLR  R30
                 	.ENDM
                 
                 	.MACRO __GTB12
                 	CP   R30,R26
                 	LDI  R30,1
                 	BRLT PC+2
                 	CLR  R30
                 	.ENDM
                 
                 	.MACRO __LEB12U
                 	CP   R30,R26
                 	LDI  R30,1
                 	BRSH PC+2
                 	CLR  R30
                 	.ENDM
                 
                 	.MACRO __GEB12U
                 	CP   R26,R30
                 	LDI  R30,1
                 	BRSH PC+2
                 	CLR  R30
                 	.ENDM
                 
                 	.MACRO __LTB12U
                 	CP   R26,R30
                 	LDI  R30,1
                 	BRLO PC+2
                 	CLR  R30
                 	.ENDM
                 
                 	.MACRO __GTB12U
                 	CP   R30,R26
                 	LDI  R30,1
                 	BRLO PC+2
                 	CLR  R30
                 	.ENDM
                 
                 	.MACRO __CPW01
                 	CLR  R0
                 	CP   R0,R30
                 	CPC  R0,R31
                 	.ENDM
                 
                 	.MACRO __CPW02
                 	CLR  R0
                 	CP   R0,R26
                 	CPC  R0,R27
                 	.ENDM
                 
                 	.MACRO __CPD12
                 	CP   R30,R26
                 	CPC  R31,R27
                 	CPC  R22,R24
                 	CPC  R23,R25
                 	.ENDM
                 
                 	.MACRO __CPD21
                 	CP   R26,R30
                 	CPC  R27,R31
                 	CPC  R24,R22
                 	CPC  R25,R23
                 	.ENDM
                 
                 	.MACRO __BSTB1
                 	CLT
                 	TST  R30
                 	BREQ PC+2
                 	SET
                 	.ENDM
                 
                 	.MACRO __LNEGB1
                 	TST  R30
                 	LDI  R30,1
                 	BREQ PC+2
                 	CLR  R30
                 	.ENDM
                 
                 	.MACRO __LNEGW1
                 	OR   R30,R31
                 	LDI  R30,1
                 	BREQ PC+2
                 	LDI  R30,0
                 	.ENDM
                 
                 	.MACRO __POINTB1MN
                 	LDI  R30,LOW(@0+(@1))
                 	.ENDM
                 
                 	.MACRO __POINTW1MN
                 	LDI  R30,LOW(@0+(@1))
                 	LDI  R31,HIGH(@0+(@1))
                 	.ENDM
                 
                 	.MACRO __POINTD1M
                 	LDI  R30,LOW(@0)
                 	LDI  R31,HIGH(@0)
                 	LDI  R22,BYTE3(@0)
                 	LDI  R23,BYTE4(@0)
                 	.ENDM
                 
                 	.MACRO __POINTW1FN
                 	LDI  R30,LOW(2*@0+(@1))
                 	LDI  R31,HIGH(2*@0+(@1))
                 	.ENDM
                 
                 	.MACRO __POINTD1FN
                 	LDI  R30,LOW(2*@0+(@1))
                 	LDI  R31,HIGH(2*@0+(@1))
                 	LDI  R22,BYTE3(2*@0+(@1))
                 	LDI  R23,BYTE4(2*@0+(@1))
                 	.ENDM
                 
                 	.MACRO __POINTB2MN
                 	LDI  R26,LOW(@0+(@1))
                 	.ENDM
                 
                 	.MACRO __POINTW2MN
                 	LDI  R26,LOW(@0+(@1))
                 	LDI  R27,HIGH(@0+(@1))
                 	.ENDM
                 
                 	.MACRO __POINTD2M
                 	LDI  R26,LOW(@0)
                 	LDI  R27,HIGH(@0)
                 	LDI  R24,BYTE3(@0)
                 	LDI  R25,BYTE4(@0)
                 	.ENDM
                 
                 	.MACRO __POINTW2FN
                 	LDI  R26,LOW(2*@0+(@1))
                 	LDI  R27,HIGH(2*@0+(@1))
                 	.ENDM
                 
                 	.MACRO __POINTD2FN
                 	LDI  R26,LOW(2*@0+(@1))
                 	LDI  R27,HIGH(2*@0+(@1))
                 	LDI  R24,BYTE3(2*@0+(@1))
                 	LDI  R25,BYTE4(2*@0+(@1))
                 	.ENDM
                 
                 	.MACRO __POINTBRM
                 	LDI  R@0,LOW(@1)
                 	.ENDM
                 
                 	.MACRO __POINTWRM
                 	LDI  R@0,LOW(@2)
                 	LDI  R@1,HIGH(@2)
                 	.ENDM
                 
                 	.MACRO __POINTBRMN
                 	LDI  R@0,LOW(@1+(@2))
                 	.ENDM
                 
                 	.MACRO __POINTWRMN
                 	LDI  R@0,LOW(@2+(@3))
                 	LDI  R@1,HIGH(@2+(@3))
                 	.ENDM
                 
                 	.MACRO __POINTWRFN
                 	LDI  R@0,LOW(@2*2+(@3))
                 	LDI  R@1,HIGH(@2*2+(@3))
                 	.ENDM
                 
                 	.MACRO __GETD1N
                 	LDI  R30,LOW(@0)
                 	LDI  R31,HIGH(@0)
                 	LDI  R22,BYTE3(@0)
                 	LDI  R23,BYTE4(@0)
                 	.ENDM
                 
                 	.MACRO __GETD2N
                 	LDI  R26,LOW(@0)
                 	LDI  R27,HIGH(@0)
                 	LDI  R24,BYTE3(@0)
                 	LDI  R25,BYTE4(@0)
                 	.ENDM
                 
                 	.MACRO __GETB1MN
                 	LDS  R30,@0+(@1)
                 	.ENDM
                 
                 	.MACRO __GETB1HMN
                 	LDS  R31,@0+(@1)
                 	.ENDM
                 
                 	.MACRO __GETW1MN
                 	LDS  R30,@0+(@1)
                 	LDS  R31,@0+(@1)+1
                 	.ENDM
                 
                 	.MACRO __GETD1MN
                 	LDS  R30,@0+(@1)
                 	LDS  R31,@0+(@1)+1
                 	LDS  R22,@0+(@1)+2
                 	LDS  R23,@0+(@1)+3
                 	.ENDM
                 
                 	.MACRO __GETBRMN
                 	LDS  R@0,@1+(@2)
                 	.ENDM
                 
                 	.MACRO __GETWRMN
                 	LDS  R@0,@2+(@3)
                 	LDS  R@1,@2+(@3)+1
                 	.ENDM
                 
                 	.MACRO __GETWRZ
                 	LDD  R@0,Z+@2
                 	LDD  R@1,Z+@2+1
                 	.ENDM
                 
                 	.MACRO __GETD2Z
                 	LDD  R26,Z+@0
                 	LDD  R27,Z+@0+1
                 	LDD  R24,Z+@0+2
                 	LDD  R25,Z+@0+3
                 	.ENDM
                 
                 	.MACRO __GETB2MN
                 	LDS  R26,@0+(@1)
                 	.ENDM
                 
                 	.MACRO __GETW2MN
                 	LDS  R26,@0+(@1)
                 	LDS  R27,@0+(@1)+1
                 	.ENDM
                 
                 	.MACRO __GETD2MN
                 	LDS  R26,@0+(@1)
                 	LDS  R27,@0+(@1)+1
                 	LDS  R24,@0+(@1)+2
                 	LDS  R25,@0+(@1)+3
                 	.ENDM
                 
                 	.MACRO __PUTB1MN
                 	STS  @0+(@1),R30
                 	.ENDM
                 
                 	.MACRO __PUTW1MN
                 	STS  @0+(@1),R30
                 	STS  @0+(@1)+1,R31
                 	.ENDM
                 
                 	.MACRO __PUTD1MN
                 	STS  @0+(@1),R30
                 	STS  @0+(@1)+1,R31
                 	STS  @0+(@1)+2,R22
                 	STS  @0+(@1)+3,R23
                 	.ENDM
                 
                 	.MACRO __PUTB1EN
                 	LDI  R26,LOW(@0+(@1))
                 	LDI  R27,HIGH(@0+(@1))
                 	CALL __EEPROMWRB
                 	.ENDM
                 
                 	.MACRO __PUTW1EN
                 	LDI  R26,LOW(@0+(@1))
                 	LDI  R27,HIGH(@0+(@1))
                 	CALL __EEPROMWRW
                 	.ENDM
                 
                 	.MACRO __PUTD1EN
                 	LDI  R26,LOW(@0+(@1))
                 	LDI  R27,HIGH(@0+(@1))
                 	CALL __EEPROMWRD
                 	.ENDM
                 
                 	.MACRO __PUTBR0MN
                 	STS  @0+(@1),R0
                 	.ENDM
                 
                 	.MACRO __PUTBMRN
                 	STS  @0+(@1),R@2
                 	.ENDM
                 
                 	.MACRO __PUTWMRN
                 	STS  @0+(@1),R@2
                 	STS  @0+(@1)+1,R@3
                 	.ENDM
                 
                 	.MACRO __PUTBZR
                 	STD  Z+@1,R@0
                 	.ENDM
                 
                 	.MACRO __PUTWZR
                 	STD  Z+@2,R@0
                 	STD  Z+@2+1,R@1
                 	.ENDM
                 
                 	.MACRO __GETW1R
                 	MOV  R30,R@0
                 	MOV  R31,R@1
                 	.ENDM
                 
                 	.MACRO __GETW2R
                 	MOV  R26,R@0
                 	MOV  R27,R@1
                 	.ENDM
                 
                 	.MACRO __GETWRN
                 	LDI  R@0,LOW(@2)
                 	LDI  R@1,HIGH(@2)
                 	.ENDM
                 
                 	.MACRO __PUTW1R
                 	MOV  R@0,R30
                 	MOV  R@1,R31
                 	.ENDM
                 
                 	.MACRO __PUTW2R
                 	MOV  R@0,R26
                 	MOV  R@1,R27
                 	.ENDM
                 
                 	.MACRO __ADDWRN
                 	SUBI R@0,LOW(-@2)
                 	SBCI R@1,HIGH(-@2)
                 	.ENDM
                 
                 	.MACRO __ADDWRR
                 	ADD  R@0,R@2
                 	ADC  R@1,R@3
                 	.ENDM
                 
                 	.MACRO __SUBWRN
                 	SUBI R@0,LOW(@2)
                 	SBCI R@1,HIGH(@2)
                 	.ENDM
                 
                 	.MACRO __SUBWRR
                 	SUB  R@0,R@2
                 	SBC  R@1,R@3
                 	.ENDM
                 
                 	.MACRO __ANDWRN
                 	ANDI R@0,LOW(@2)
                 	ANDI R@1,HIGH(@2)
                 	.ENDM
                 
                 	.MACRO __ANDWRR
                 	AND  R@0,R@2
                 	AND  R@1,R@3
                 	.ENDM
                 
                 	.MACRO __ORWRN
                 	ORI  R@0,LOW(@2)
                 	ORI  R@1,HIGH(@2)
                 	.ENDM
                 
                 	.MACRO __ORWRR
                 	OR   R@0,R@2
                 	OR   R@1,R@3
                 	.ENDM
                 
                 	.MACRO __EORWRR
                 	EOR  R@0,R@2
                 	EOR  R@1,R@3
                 	.ENDM
                 
                 	.MACRO __GETWRS
                 	LDD  R@0,Y+@2
                 	LDD  R@1,Y+@2+1
                 	.ENDM
                 
                 	.MACRO __PUTBSR
                 	STD  Y+@1,R@0
                 	.ENDM
                 
                 	.MACRO __PUTWSR
                 	STD  Y+@2,R@0
                 	STD  Y+@2+1,R@1
                 	.ENDM
                 
                 	.MACRO __MOVEWRR
                 	MOV  R@0,R@2
                 	MOV  R@1,R@3
                 	.ENDM
                 
                 	.MACRO __INWR
                 	IN   R@0,@2
                 	IN   R@1,@2+1
                 	.ENDM
                 
                 	.MACRO __OUTWR
                 	OUT  @2+1,R@1
                 	OUT  @2,R@0
                 	.ENDM
                 
                 	.MACRO __CALL1MN
                 	LDS  R30,@0+(@1)
                 	LDS  R31,@0+(@1)+1
                 	ICALL
                 	.ENDM
                 
                 	.MACRO __CALL1FN
                 	LDI  R30,LOW(2*@0+(@1))
                 	LDI  R31,HIGH(2*@0+(@1))
                 	CALL __GETW1PF
                 	ICALL
                 	.ENDM
                 
                 	.MACRO __CALL2EN
                 	PUSH R26
                 	PUSH R27
                 	LDI  R26,LOW(@0+(@1))
                 	LDI  R27,HIGH(@0+(@1))
                 	CALL __EEPROMRDW
                 	POP  R27
                 	POP  R26
                 	ICALL
                 	.ENDM
                 
                 	.MACRO __CALL2EX
                 	SUBI R26,LOW(-@0)
                 	SBCI R27,HIGH(-@0)
                 	CALL __EEPROMRDD
                 	ICALL
                 	.ENDM
                 
                 	.MACRO __GETW1STACK
                 	IN   R30,SPL
                 	IN   R31,SPH
                 	ADIW R30,@0+1
                 	LD   R0,Z+
                 	LD   R31,Z
                 	MOV  R30,R0
                 	.ENDM
                 
                 	.MACRO __GETD1STACK
                 	IN   R30,SPL
                 	IN   R31,SPH
                 	ADIW R30,@0+1
                 	LD   R0,Z+
                 	LD   R1,Z+
                 	LD   R22,Z
                 	MOVW R30,R0
                 	.ENDM
                 
                 	.MACRO __NBST
                 	BST  R@0,@1
                 	IN   R30,SREG
                 	LDI  R31,0x40
                 	EOR  R30,R31
                 	OUT  SREG,R30
                 	.ENDM
                 
                 
                 	.MACRO __PUTB1SN
                 	LDD  R26,Y+@0
                 	LDD  R27,Y+@0+1
                 	SUBI R26,LOW(-@1)
                 	SBCI R27,HIGH(-@1)
                 	ST   X,R30
                 	.ENDM
                 
                 	.MACRO __PUTW1SN
                 	LDD  R26,Y+@0
                 	LDD  R27,Y+@0+1
                 	SUBI R26,LOW(-@1)
                 	SBCI R27,HIGH(-@1)
                 	ST   X+,R30
                 	ST   X,R31
                 	.ENDM
                 
                 	.MACRO __PUTD1SN
                 	LDD  R26,Y+@0
                 	LDD  R27,Y+@0+1
                 	SUBI R26,LOW(-@1)
                 	SBCI R27,HIGH(-@1)
                 	ST   X+,R30
                 	ST   X+,R31
                 	ST   X+,R22
                 	ST   X,R23
                 	.ENDM
                 
                 	.MACRO __PUTB1SNS
                 	LDD  R26,Y+@0
                 	LDD  R27,Y+@0+1
                 	ADIW R26,@1
                 	ST   X,R30
                 	.ENDM
                 
                 	.MACRO __PUTW1SNS
                 	LDD  R26,Y+@0
                 	LDD  R27,Y+@0+1
                 	ADIW R26,@1
                 	ST   X+,R30
                 	ST   X,R31
                 	.ENDM
                 
                 	.MACRO __PUTD1SNS
                 	LDD  R26,Y+@0
                 	LDD  R27,Y+@0+1
                 	ADIW R26,@1
                 	ST   X+,R30
                 	ST   X+,R31
                 	ST   X+,R22
                 	ST   X,R23
                 	.ENDM
                 
                 	.MACRO __PUTB1PMN
                 	LDS  R26,@0
                 	LDS  R27,@0+1
                 	SUBI R26,LOW(-@1)
                 	SBCI R27,HIGH(-@1)
                 	ST   X,R30
                 	.ENDM
                 
                 	.MACRO __PUTW1PMN
                 	LDS  R26,@0
                 	LDS  R27,@0+1
                 	SUBI R26,LOW(-@1)
                 	SBCI R27,HIGH(-@1)
                 	ST   X+,R30
                 	ST   X,R31
                 	.ENDM
                 
                 	.MACRO __PUTD1PMN
                 	LDS  R26,@0
                 	LDS  R27,@0+1
                 	SUBI R26,LOW(-@1)
                 	SBCI R27,HIGH(-@1)
                 	ST   X+,R30
                 	ST   X+,R31
                 	ST   X+,R22
                 	ST   X,R23
                 	.ENDM
                 
                 	.MACRO __PUTB1PMNS
                 	LDS  R26,@0
                 	LDS  R27,@0+1
                 	ADIW R26,@1
                 	ST   X,R30
                 	.ENDM
                 
                 	.MACRO __PUTW1PMNS
                 	LDS  R26,@0
                 	LDS  R27,@0+1
                 	ADIW R26,@1
                 	ST   X+,R30
                 	ST   X,R31
                 	.ENDM
                 
                 	.MACRO __PUTD1PMNS
                 	LDS  R26,@0
                 	LDS  R27,@0+1
                 	ADIW R26,@1
                 	ST   X+,R30
                 	ST   X+,R31
                 	ST   X+,R22
                 	ST   X,R23
                 	.ENDM
                 
                 	.MACRO __PUTB1RN
                 	MOVW R26,R@0
                 	SUBI R26,LOW(-@1)
                 	SBCI R27,HIGH(-@1)
                 	ST   X,R30
                 	.ENDM
                 
                 	.MACRO __PUTW1RN
                 	MOVW R26,R@0
                 	SUBI R26,LOW(-@1)
                 	SBCI R27,HIGH(-@1)
                 	ST   X+,R30
                 	ST   X,R31
                 	.ENDM
                 
                 	.MACRO __PUTD1RN
                 	MOVW R26,R@0
                 	SUBI R26,LOW(-@1)
                 	SBCI R27,HIGH(-@1)
                 	ST   X+,R30
                 	ST   X+,R31
                 	ST   X+,R22
                 	ST   X,R23
                 	.ENDM
                 
                 	.MACRO __PUTB1RNS
                 	MOVW R26,R@0
                 	ADIW R26,@1
                 	ST   X,R30
                 	.ENDM
                 
                 	.MACRO __PUTW1RNS
                 	MOVW R26,R@0
                 	ADIW R26,@1
                 	ST   X+,R30
                 	ST   X,R31
                 	.ENDM
                 
                 	.MACRO __PUTD1RNS
                 	MOVW R26,R@0
                 	ADIW R26,@1
                 	ST   X+,R30
                 	ST   X+,R31
                 	ST   X+,R22
                 	ST   X,R23
                 	.ENDM
                 
                 	.MACRO __PUTB1RON
                 	MOV  R26,R@0
                 	MOV  R27,R@1
                 	SUBI R26,LOW(-@2)
                 	SBCI R27,HIGH(-@2)
                 	ST   X,R30
                 	.ENDM
                 
                 	.MACRO __PUTW1RON
                 	MOV  R26,R@0
                 	MOV  R27,R@1
                 	SUBI R26,LOW(-@2)
                 	SBCI R27,HIGH(-@2)
                 	ST   X+,R30
                 	ST   X,R31
                 	.ENDM
                 
                 	.MACRO __PUTD1RON
                 	MOV  R26,R@0
                 	MOV  R27,R@1
                 	SUBI R26,LOW(-@2)
                 	SBCI R27,HIGH(-@2)
                 	ST   X+,R30
                 	ST   X+,R31
                 	ST   X+,R22
                 	ST   X,R23
                 	.ENDM
                 
                 	.MACRO __PUTB1RONS
                 	MOV  R26,R@0
                 	MOV  R27,R@1
                 	ADIW R26,@2
                 	ST   X,R30
                 	.ENDM
                 
                 	.MACRO __PUTW1RONS
                 	MOV  R26,R@0
                 	MOV  R27,R@1
                 	ADIW R26,@2
                 	ST   X+,R30
                 	ST   X,R31
                 	.ENDM
                 
                 	.MACRO __PUTD1RONS
                 	MOV  R26,R@0
                 	MOV  R27,R@1
                 	ADIW R26,@2
                 	ST   X+,R30
                 	ST   X+,R31
                 	ST   X+,R22
                 	ST   X,R23
                 	.ENDM
                 
                 
                 	.MACRO __GETB1SX
                 	MOVW R30,R28
                 	SUBI R30,LOW(-@0)
                 	SBCI R31,HIGH(-@0)
                 	LD   R30,Z
                 	.ENDM
                 
                 	.MACRO __GETB1HSX
                 	MOVW R30,R28
                 	SUBI R30,LOW(-@0)
                 	SBCI R31,HIGH(-@0)
                 	LD   R31,Z
                 	.ENDM
                 
                 	.MACRO __GETW1SX
                 	MOVW R30,R28
                 	SUBI R30,LOW(-@0)
                 	SBCI R31,HIGH(-@0)
                 	CALL __GETW1Z
                 	.ENDM
                 
                 	.MACRO __GETD1SX
                 	MOVW R30,R28
                 	SUBI R30,LOW(-@0)
                 	SBCI R31,HIGH(-@0)
                 	CALL __GETD1Z
                 	.ENDM
                 
                 	.MACRO __GETB2SX
                 	MOVW R26,R28
                 	SUBI R26,LOW(-@0)
                 	SBCI R27,HIGH(-@0)
                 	LD   R26,X
                 	.ENDM
                 
                 	.MACRO __GETW2SX
                 	MOVW R26,R28
                 	SUBI R26,LOW(-@0)
                 	SBCI R27,HIGH(-@0)
                 	CALL __GETW2X
                 	.ENDM
                 
                 	.MACRO __GETD2SX
                 	MOVW R26,R28
                 	SUBI R26,LOW(-@0)
                 	SBCI R27,HIGH(-@0)
                 	CALL __GETD2X
                 	.ENDM
                 
                 	.MACRO __GETBRSX
                 	MOVW R30,R28
                 	SUBI R30,LOW(-@1)
                 	SBCI R31,HIGH(-@1)
                 	LD   R@0,Z
                 	.ENDM
                 
                 	.MACRO __GETWRSX
                 	MOVW R30,R28
                 	SUBI R30,LOW(-@2)
                 	SBCI R31,HIGH(-@2)
                 	LD   R@0,Z+
                 	LD   R@1,Z
                 	.ENDM
                 
                 	.MACRO __GETBRSX2
                 	MOVW R26,R28
                 	SUBI R26,LOW(-@1)
                 	SBCI R27,HIGH(-@1)
                 	LD   R@0,X
                 	.ENDM
                 
                 	.MACRO __GETWRSX2
                 	MOVW R26,R28
                 	SUBI R26,LOW(-@2)
                 	SBCI R27,HIGH(-@2)
                 	LD   R@0,X+
                 	LD   R@1,X
                 	.ENDM
                 
                 	.MACRO __LSLW8SX
                 	MOVW R30,R28
                 	SUBI R30,LOW(-@0)
                 	SBCI R31,HIGH(-@0)
                 	LD   R31,Z
                 	CLR  R30
                 	.ENDM
                 
                 	.MACRO __PUTB1SX
                 	MOVW R26,R28
                 	SUBI R26,LOW(-@0)
                 	SBCI R27,HIGH(-@0)
                 	ST   X,R30
                 	.ENDM
                 
                 	.MACRO __PUTW1SX
                 	MOVW R26,R28
                 	SUBI R26,LOW(-@0)
                 	SBCI R27,HIGH(-@0)
                 	ST   X+,R30
                 	ST   X,R31
                 	.ENDM
                 
                 	.MACRO __PUTD1SX
                 	MOVW R26,R28
                 	SUBI R26,LOW(-@0)
                 	SBCI R27,HIGH(-@0)
                 	ST   X+,R30
                 	ST   X+,R31
                 	ST   X+,R22
                 	ST   X,R23
                 	.ENDM
                 
                 	.MACRO __CLRW1SX
                 	MOVW R26,R28
                 	SUBI R26,LOW(-@0)
                 	SBCI R27,HIGH(-@0)
                 	ST   X+,R30
                 	ST   X,R30
                 	.ENDM
                 
                 	.MACRO __CLRD1SX
                 	MOVW R26,R28
                 	SUBI R26,LOW(-@0)
                 	SBCI R27,HIGH(-@0)
                 	ST   X+,R30
                 	ST   X+,R30
                 	ST   X+,R30
                 	ST   X,R30
                 	.ENDM
                 
                 	.MACRO __PUTB2SX
                 	MOVW R30,R28
                 	SUBI R30,LOW(-@0)
                 	SBCI R31,HIGH(-@0)
                 	ST   Z,R26
                 	.ENDM
                 
                 	.MACRO __PUTW2SX
                 	MOVW R30,R28
                 	SUBI R30,LOW(-@0)
                 	SBCI R31,HIGH(-@0)
                 	ST   Z+,R26
                 	ST   Z,R27
                 	.ENDM
                 
                 	.MACRO __PUTD2SX
                 	MOVW R30,R28
                 	SUBI R30,LOW(-@0)
                 	SBCI R31,HIGH(-@0)
                 	ST   Z+,R26
                 	ST   Z+,R27
                 	ST   Z+,R24
                 	ST   Z,R25
                 	.ENDM
                 
                 	.MACRO __PUTBSRX
                 	MOVW R30,R28
                 	SUBI R30,LOW(-@1)
                 	SBCI R31,HIGH(-@1)
                 	ST   Z,R@0
                 	.ENDM
                 
                 	.MACRO __PUTWSRX
                 	MOVW R30,R28
                 	SUBI R30,LOW(-@2)
                 	SBCI R31,HIGH(-@2)
                 	ST   Z+,R@0
                 	ST   Z,R@1
                 	.ENDM
                 
                 	.MACRO __PUTB1SNX
                 	MOVW R26,R28
                 	SUBI R26,LOW(-@0)
                 	SBCI R27,HIGH(-@0)
                 	LD   R0,X+
                 	LD   R27,X
                 	MOV  R26,R0
                 	SUBI R26,LOW(-@1)
                 	SBCI R27,HIGH(-@1)
                 	ST   X,R30
                 	.ENDM
                 
                 	.MACRO __PUTW1SNX
                 	MOVW R26,R28
                 	SUBI R26,LOW(-@0)
                 	SBCI R27,HIGH(-@0)
                 	LD   R0,X+
                 	LD   R27,X
                 	MOV  R26,R0
                 	SUBI R26,LOW(-@1)
                 	SBCI R27,HIGH(-@1)
                 	ST   X+,R30
                 	ST   X,R31
                 	.ENDM
                 
                 	.MACRO __PUTD1SNX
                 	MOVW R26,R28
                 	SUBI R26,LOW(-@0)
                 	SBCI R27,HIGH(-@0)
                 	LD   R0,X+
                 	LD   R27,X
                 	MOV  R26,R0
                 	SUBI R26,LOW(-@1)
                 	SBCI R27,HIGH(-@1)
                 	ST   X+,R30
                 	ST   X+,R31
                 	ST   X+,R22
                 	ST   X,R23
                 	.ENDM
                 
                 	.MACRO __MULBRR
                 	MULS R@0,R@1
                 	MOVW R30,R0
                 	.ENDM
                 
                 	.MACRO __MULBRRU
                 	MUL  R@0,R@1
                 	MOVW R30,R0
                 	.ENDM
                 
                 	.MACRO __MULBRR0
                 	MULS R@0,R@1
                 	.ENDM
                 
                 	.MACRO __MULBRRU0
                 	MUL  R@0,R@1
                 	.ENDM
                 
                 	.MACRO __MULBNWRU
                 	LDI  R26,@2
                 	MUL  R26,R@0
                 	MOVW R30,R0
                 	MUL  R26,R@1
                 	ADD  R31,R0
                 	.ENDM
                 
                 ;NAME DEFINITIONS FOR GLOBAL VARIABLES ALLOCATED TO REGISTERS
                 	.DEF _DEV_ADD_W=R5
                 	.DEF _DEV_ADD_R=R4
                 	.DEF _IIC_ADD=R7
                 	.DEF _IIC_DAT=R6
                 	.DEF _READ_DATA=R9
                 	.DEF _check_sum_write=R10
                 	.DEF _check_sum_write_msb=R11
                 	.DEF _check_sum_read=R12
                 	.DEF _check_sum_read_msb=R13
                 
                 	.CSEG
                 	.ORG 0x00
                 
                 ;START OF CODE MARKER
                 __START_OF_CODE:
                 
                 ;INTERRUPT VECTORS
000000 940c 0055 	JMP  __RESET
000002 940c 0000 	JMP  0x00
000004 940c 0000 	JMP  0x00
000006 940c 0000 	JMP  0x00
000008 940c 0000 	JMP  0x00
00000a 940c 0000 	JMP  0x00
00000c 940c 0000 	JMP  0x00
00000e 940c 0000 	JMP  0x00
000010 940c 0000 	JMP  0x00
000012 940c 0000 	JMP  0x00
000014 940c 0000 	JMP  0x00
000016 940c 0000 	JMP  0x00
000018 940c 0000 	JMP  0x00
00001a 940c 0000 	JMP  0x00
00001c 940c 0000 	JMP  0x00
00001e 940c 0000 	JMP  0x00
000020 940c 0000 	JMP  0x00
000022 940c 0000 	JMP  0x00
000024 940c 0000 	JMP  0x00
000026 940c 0000 	JMP  0x00
000028 940c 0000 	JMP  0x00
00002a 940c 0000 	JMP  0x00
00002c 940c 0000 	JMP  0x00
00002e 940c 0000 	JMP  0x00
000030 940c 0000 	JMP  0x00
000032 940c 0000 	JMP  0x00
000034 940c 0000 	JMP  0x00
000036 940c 0000 	JMP  0x00
000038 940c 0000 	JMP  0x00
00003a 940c 0000 	JMP  0x00
00003c 940c 0000 	JMP  0x00
00003e 940c 0000 	JMP  0x00
000040 940c 0000 	JMP  0x00
000042 940c 0000 	JMP  0x00
000044 940c 0000 	JMP  0x00
                 
                 ;GLOBAL REGISTER VARIABLES INITIALIZATION
                 __REG_VARS:
000046 a0a1
000047 5555      	.DB  0xA1,0xA0,0x55,0x55
000048 0000
000049 0000      	.DB  0x0,0x0,0x0,0x0
00004a 0000      	.DB  0x0,0x0
                 
                 _0x3:
00004b 0ff0
00004c 55aa
D:\PJH\Github_clone\Haman3rd_PJH\Embeded_Project\Debug\List\Project1_final.asm(1479): warning: .cseg .db misalignment - padding zero byte
00004d 0077      	.DB  0xF0,0xF,0xAA,0x55,0x77
                 
                 __GLOBAL_INI_TBL:
00004e 000a      	.DW  0x0A
00004f 0004      	.DW  0x04
000050 008c      	.DW  __REG_VARS*2
                 
000051 0005      	.DW  0x05
000052 0500      	.DW  _DATA_FIVE
000053 0096      	.DW  _0x3*2
                 
                 _0xFFFFFFFF:
000054 0000      	.DW  0
                 
                 #define __GLOBAL_INI_TBL_PRESENT 1
                 
                 __RESET:
000055 94f8      	CLI
000056 27ee      	CLR  R30
000057 bbec      	OUT  EECR,R30
                 
                 ;INTERRUPT VECTORS ARE PLACED
                 ;AT THE START OF FLASH
000058 e0f1      	LDI  R31,1
000059 bff5      	OUT  MCUCR,R31
00005a bfe5      	OUT  MCUCR,R30
00005b 93e0 006c 	STS  XMCRB,R30
                 
                 ;CLEAR R2-R14
00005d e08d      	LDI  R24,(14-2)+1
00005e e0a2      	LDI  R26,2
00005f 27bb      	CLR  R27
                 __CLEAR_REG:
000060 93ed      	ST   X+,R30
000061 958a      	DEC  R24
000062 f7e9      	BRNE __CLEAR_REG
                 
                 ;CLEAR SRAM
000063 e080      	LDI  R24,LOW(__CLEAR_SRAM_SIZE)
000064 e190      	LDI  R25,HIGH(__CLEAR_SRAM_SIZE)
000065 e0a0      	LDI  R26,LOW(__SRAM_START)
000066 e0b1      	LDI  R27,HIGH(__SRAM_START)
                 __CLEAR_SRAM:
000067 93ed      	ST   X+,R30
000068 9701      	SBIW R24,1
000069 f7e9      	BRNE __CLEAR_SRAM
                 
                 ;GLOBAL VARIABLES INITIALIZATION
00006a e9ec      	LDI  R30,LOW(__GLOBAL_INI_TBL*2)
00006b e0f0      	LDI  R31,HIGH(__GLOBAL_INI_TBL*2)
                 __GLOBAL_INI_NEXT:
00006c 9185      	LPM  R24,Z+
00006d 9195      	LPM  R25,Z+
00006e 9700      	SBIW R24,0
00006f f061      	BREQ __GLOBAL_INI_END
000070 91a5      	LPM  R26,Z+
000071 91b5      	LPM  R27,Z+
000072 9005      	LPM  R0,Z+
000073 9015      	LPM  R1,Z+
000074 01bf      	MOVW R22,R30
000075 01f0      	MOVW R30,R0
                 __GLOBAL_INI_LOOP:
000076 9005      	LPM  R0,Z+
000077 920d      	ST   X+,R0
000078 9701      	SBIW R24,1
000079 f7e1      	BRNE __GLOBAL_INI_LOOP
00007a 01fb      	MOVW R30,R22
00007b cff0      	RJMP __GLOBAL_INI_NEXT
                 __GLOBAL_INI_END:
                 
00007c bf8b      	OUT  RAMPZ,R24
                 
                 ;HARDWARE STACK POINTER INITIALIZATION
00007d efef      	LDI  R30,LOW(__SRAM_END-__HEAP_SIZE)
00007e bfed      	OUT  SPL,R30
00007f e1e0      	LDI  R30,HIGH(__SRAM_END-__HEAP_SIZE)
000080 bfee      	OUT  SPH,R30
                 
                 ;DATA STACK POINTER INITIALIZATION
000081 e0c0      	LDI  R28,LOW(__SRAM_START+__DSTACK_SIZE)
000082 e0d5      	LDI  R29,HIGH(__SRAM_START+__DSTACK_SIZE)
                 
000083 940c 0085 	JMP  _main
                 
                 	.ESEG
                 	.ORG 0x00
                 
                 	.DSEG
                 	.ORG 0x500
                 
                 	.CSEG
                 	#ifndef __SLEEP_DEFINED__
                 	#define __SLEEP_DEFINED__
                 	.EQU __se_bit=0x20
                 	.EQU __sm_mask=0x1C
                 	.EQU __sm_powerdown=0x10
                 	.EQU __sm_powersave=0x18
                 	.EQU __sm_standby=0x14
                 	.EQU __sm_ext_standby=0x1C
                 	.EQU __sm_adc_noise_red=0x08
                 	.SET power_ctrl_reg=mcucr
                 	#endif
                 
                 	.DSEG
                 ;void IIC_START(void);
                 ;void IIC_STOP(void);
                 ;void no_ACK(void);
                 ;void ACK_read(void);
                 ;void Process_8data(U8 value);
                 ;void Process_8data_read(void);
                 ;void Byte_write(void);
                 ;void Page_write(void);
                 ;void Random_read(void);
                 ;void Sequential_read(void);
                 ;void main(void)
                 ; 0000 0034 {
                 
                 	.CSEG
                 _main:
                 ; .FSTART _main
                 ; 0000 0035 U8  o_sw, n_sw;
                 ; 0000 0036 
                 ; 0000 0037 DDRC = 0xFF;                  // 포트C 출력 설정
                 ;	o_sw -> R17
                 ;	n_sw -> R16
000085 efef      	LDI  R30,LOW(255)
000086 bbe4      	OUT  0x14,R30
                 ; 0000 0038 DDRE = 0x00;                  // 포트E 입력 설정
000087 e0e0      	LDI  R30,LOW(0)
000088 b9e2      	OUT  0x2,R30
                 ; 0000 0039 
                 ; 0000 003A //   PORTC=0xAA;   //LED등 1010 1010
                 ; 0000 003B 
                 ; 0000 003C SCL_OUT;      // START
000089 9a88      	SBI  0x11,0
                 ; 0000 003D SDA_OUT;      // START
00008a 9a89      	SBI  0x11,1
                 ; 0000 003E o_sw = PINE & 0b11110000;
00008b b1e1      	IN   R30,0x1
00008c 7fe0      	ANDI R30,LOW(0xF0)
00008d 2f1e      	MOV  R17,R30
                 ; 0000 003F while(1){
                 _0x4:
                 ; 0000 0040 n_sw = PINE  & 0b11110000;
00008e b1e1      	IN   R30,0x1
00008f 7fe0      	ANDI R30,LOW(0xF0)
000090 2f0e      	MOV  R16,R30
                 ; 0000 0041 if(o_sw == 0xF0 && n_sw == 0xE0){
000091 3f10      	CPI  R17,240
000092 f411      	BRNE _0x8
000093 3e00      	CPI  R16,224
000094 f009      	BREQ _0x9
                 _0x8:
000095 c001      	RJMP _0x7
                 _0x9:
                 ; 0000 0042 Byte_write();
000096 d01a      	RCALL _Byte_write
                 ; 0000 0043 }
                 ; 0000 0044 if(o_sw == 0xF0 && n_sw == 0xD0){
                 _0x7:
000097 3f10      	CPI  R17,240
000098 f411      	BRNE _0xB
000099 3d00      	CPI  R16,208
00009a f009      	BREQ _0xC
                 _0xB:
00009b c001      	RJMP _0xA
                 _0xC:
                 ; 0000 0045 Page_write();
00009c d019      	RCALL _Page_write
                 ; 0000 0046 }
                 ; 0000 0047 if(o_sw == 0xF0 && n_sw == 0xB0){
                 _0xA:
00009d 3f10      	CPI  R17,240
00009e f411      	BRNE _0xE
00009f 3b00      	CPI  R16,176
0000a0 f009      	BREQ _0xF
                 _0xE:
0000a1 c001      	RJMP _0xD
                 _0xF:
                 ; 0000 0048 Random_read();
0000a2 d08c      	RCALL _Random_read
                 ; 0000 0049 }
                 ; 0000 004A if(o_sw == 0xF0 && n_sw == 0x70){
                 _0xD:
0000a3 3f10      	CPI  R17,240
0000a4 f411      	BRNE _0x11
0000a5 3700      	CPI  R16,112
0000a6 f009      	BREQ _0x12
                 _0x11:
0000a7 c006      	RJMP _0x10
                 _0x12:
                 ; 0000 004B Sequential_read();
0000a8 d09a      	RCALL _Sequential_read
                 ; 0000 004C if(check_sum_write==check_sum_read) PORTC=0x66;
                +
0000a9 14ca     +CP R12 , R10
0000aa 04db     +CPC R13 , R11
                 	__CPWRR 12,13,10,11
0000ab f411      	BRNE _0x13
0000ac e6e6      	LDI  R30,LOW(102)
0000ad bbe5      	OUT  0x15,R30
                 ; 0000 004D }
                 _0x13:
                 ; 0000 004E /*     if(IIC_DAT==READ_DATA) {
                 ; 0000 004F PORTC=0x55;
                 ; 0000 0050 delay_ms(100);
                 ; 0000 0051 PORTC=0xAA;
                 ; 0000 0052 delay_ms(100);
                 ; 0000 0053 PORTC=0x55;
                 ; 0000 0054 }
                 ; 0000 0055 */
                 ; 0000 0056 o_sw=n_sw;
                 _0x10:
0000ae 2f10      	MOV  R17,R16
                 ; 0000 0057 
                 ; 0000 0058 }
0000af cfde      	RJMP _0x4
                 ; 0000 0059 }
                 _0x14:
0000b0 cfff      	RJMP _0x14
                 ; .FEND
                 ;void Byte_write(void){
                 ; 0000 005B void Byte_write(void){
                 _Byte_write:
                 ; .FSTART _Byte_write
                 ; 0000 005C IIC_START();              // start
0000b1 d0ae      	RCALL SUBOPT_0x0
                 ; 0000 005D Process_8data(DEV_ADD_W); // device address 7bit와 write
                 ; 0000 005E ACK_read();               // ack
                 ; 0000 005F Process_8data(IIC_ADD);   // address 8bits
                 ; 0000 0060 ACK_read();               // ack
                 ; 0000 0061 Process_8data(IIC_DAT);   // data 8bits
0000b2 2da6      	MOV  R26,R6
0000b3 d01c      	RCALL _Process_8data
                 ; 0000 0062 ACK_read();               // ack
0000b4 d061      	RCALL _ACK_read
                 ; 0000 0063 IIC_STOP();               // stop
0000b5 c07d      	RJMP _0x2000005
                 ; 0000 0064 }//end of Byte_write
                 ; .FEND
                 ;void Page_write(void){
                 ; 0000 0066 void Page_write(void){
                 _Page_write:
                 ; .FSTART _Page_write
                 ; 0000 0067 U8 i=0;
                 ; 0000 0068 IIC_START();              // start
0000b6 931a      	ST   -Y,R17
                 ;	i -> R17
0000b7 e010      	LDI  R17,0
0000b8 d0a7      	RCALL SUBOPT_0x0
                 ; 0000 0069 Process_8data(DEV_ADD_W); // device address 7bit와 write
                 ; 0000 006A ACK_read();               // ack
                 ; 0000 006B Process_8data(IIC_ADD);   // address 8bits
                 ; 0000 006C ACK_read();                  // ack
                 ; 0000 006D 
                 ; 0000 006E for(i=0; i<N; i++){
0000b9 e010      	LDI  R17,LOW(0)
                 _0x16:
0000ba 3015      	CPI  R17,5
0000bb f458      	BRSH _0x17
                 ; 0000 006F Process_8data(DATA_FIVE[i]);   // data 8bits
0000bc d0aa      	RCALL SUBOPT_0x1
0000bd 81a0      	LD   R26,Z
0000be d011      	RCALL _Process_8data
                 ; 0000 0070 ACK_read();               // ack
0000bf d056      	RCALL _ACK_read
                 ; 0000 0071 check_sum_write += DATA_FIVE[i];
0000c0 d0a6      	RCALL SUBOPT_0x1
0000c1 81e0      	LD   R30,Z
0000c2 e0f0      	LDI  R31,0
                +
0000c3 0eae     +ADD R10 , R30
0000c4 1ebf     +ADC R11 , R31
                 	__ADDWRR 10,11,30,31
                 ; 0000 0072 }
0000c5 5f1f      	SUBI R17,-1
0000c6 cff3      	RJMP _0x16
                 _0x17:
                 ; 0000 0073 
                 ; 0000 0074 IIC_STOP();               // stop
0000c7 c095      	RJMP _0x2000002
                 ; 0000 0075 }//end of Byte_write
                 ; .FEND
                 ;void IIC_START(void)
                 ; 0000 0078 {
                 _IIC_START:
                 ; .FSTART _IIC_START
                 ; 0000 0079 DAT_HIGH;
0000c8 9a91      	SBI  0x12,1
                 ; 0000 007A delay_us(6);
0000c9 d0a2      	RCALL SUBOPT_0x2
                 ; 0000 007B CLK_HIGH;
                 ; 0000 007C delay_us(6);
                 ; 0000 007D DAT_LOW;
0000ca d0a9      	RCALL SUBOPT_0x3
                 ; 0000 007E delay_us(6);
                 ; 0000 007F CLK_LOW;
0000cb c072      	RJMP _0x2000004
                 ; 0000 0080 delay_us(6);
                 ; 0000 0081 }
                 ; .FEND
                 ;void IIC_STOP(void)
                 ; 0000 0084 {
                 _IIC_STOP:
                 ; .FSTART _IIC_STOP
                 ; 0000 0085 DAT_LOW;
0000cc 9891      	CBI  0x12,1
                 ; 0000 0086 delay_us(6);
0000cd d09e      	RCALL SUBOPT_0x2
                 ; 0000 0087 CLK_HIGH;
                 ; 0000 0088 delay_us(6);
                 ; 0000 0089 DAT_HIGH;
0000ce 9a91      	SBI  0x12,1
                 ; 0000 008A CLK_LOW;
0000cf c06e      	RJMP _0x2000004
                 ; 0000 008B delay_us(6);
                 ; 0000 008C }
                 ; .FEND
                 ;void Process_8data(U8 value)
                 ; 0000 008F {
                 _Process_8data:
                 ; .FSTART _Process_8data
                 ; 0000 0090 U8 i_8bit;
                 ; 0000 0091 U8 value_buffer;
                 ; 0000 0092 
                 ; 0000 0093 value_buffer=value;
0000d0 d0b6      	RCALL __SAVELOCR4
0000d1 2f3a      	MOV  R19,R26
                 ;	value -> R19
                 ;	i_8bit -> R17
                 ;	value_buffer -> R16
0000d2 2f03      	MOV  R16,R19
                 ; 0000 0094 for(i_8bit=0;i_8bit<7;i_8bit++)            //0~7  ++1
0000d3 e010      	LDI  R17,LOW(0)
                 _0x19:
0000d4 3017      	CPI  R17,7
0000d5 f460      	BRSH _0x1A
                 ; 0000 0095 {
                 ; 0000 0096 if((value_buffer&0x80)==0x80)          //만약 1000 0000이면 dat high
0000d6 2fe0      	MOV  R30,R16
0000d7 78e0      	ANDI R30,LOW(0x80)
0000d8 38e0      	CPI  R30,LOW(0x80)
0000d9 f411      	BRNE _0x1B
                 ; 0000 0097 DAT_HIGH;
0000da 9a91      	SBI  0x12,1
                 ; 0000 0098 else                                   //아니면 data low
0000db c001      	RJMP _0x1C
                 _0x1B:
                 ; 0000 0099 DAT_LOW;
0000dc 9891      	CBI  0x12,1
                 ; 0000 009A 
                 ; 0000 009B delay_us(6);
                 _0x1C:
0000dd d08e      	RCALL SUBOPT_0x2
                 ; 0000 009C CLK_HIGH;
                 ; 0000 009D delay_us(6);         //클럭 하이 갔다가 다시 로우  8번 반복
                 ; 0000 009E CLK_LOW;
0000de d09a      	RCALL SUBOPT_0x4
                 ; 0000 009F delay_us(6);
                 ; 0000 00A0 value_buffer<<=1;
0000df 0f00      	LSL  R16
                 ; 0000 00A1 }
0000e0 5f1f      	SUBI R17,-1
0000e1 cff2      	RJMP _0x19
                 _0x1A:
                 ; 0000 00A2 if((value_buffer&0x80)==0x80)          //만약 1000 0000이면 dat high
0000e2 2fe0      	MOV  R30,R16
0000e3 78e0      	ANDI R30,LOW(0x80)
0000e4 38e0      	CPI  R30,LOW(0x80)
0000e5 f411      	BRNE _0x1D
                 ; 0000 00A3 DAT_HIGH;
0000e6 9a91      	SBI  0x12,1
                 ; 0000 00A4 else                                   //아니면 data low
0000e7 c001      	RJMP _0x1E
                 _0x1D:
                 ; 0000 00A5 DAT_LOW;
0000e8 9891      	CBI  0x12,1
                 ; 0000 00A6 
                 ; 0000 00A7 delay_us(6);
                 _0x1E:
0000e9 d082      	RCALL SUBOPT_0x2
                 ; 0000 00A8 CLK_HIGH;
                 ; 0000 00A9 delay_us(6);         //클럭 하이 갔다가 다시 로우  8번 반복
                 ; 0000 00AA CLK_LOW;
0000ea d08e      	RCALL SUBOPT_0x4
                 ; 0000 00AB delay_us(6);
                 ; 0000 00AC if((value_buffer&0x80)==0x80) DAT_LOW;
0000eb 2fe0      	MOV  R30,R16
0000ec 78e0      	ANDI R30,LOW(0x80)
0000ed 38e0      	CPI  R30,LOW(0x80)
0000ee f409      	BRNE _0x1F
0000ef 9891      	CBI  0x12,1
                 ; 0000 00AD delay_us(6);
                 _0x1F:
                +
0000f0 e280     +LDI R24 , LOW ( 32 )
                +__DELAY_USB_LOOP :
0000f1 958a     +DEC R24
0000f2 f7f1     +BRNE __DELAY_USB_LOOP
                 	__DELAY_USB 32
                 ; 0000 00AE }
0000f3 d098      	RCALL __LOADLOCR4
0000f4 9624      	ADIW R28,4
0000f5 9508      	RET
                 ; .FEND
                 ;void Process_8data_read(void)
                 ; 0000 00B1 {
                 _Process_8data_read:
                 ; .FSTART _Process_8data_read
                 ; 0000 00B2 U8 i, TEMP_READ_DATA = 0;
                 ; 0000 00B3 READ_DATA=0x00;
0000f6 931a      	ST   -Y,R17
0000f7 930a      	ST   -Y,R16
                 ;	i -> R17
                 ;	TEMP_READ_DATA -> R16
0000f8 e000      	LDI  R16,0
0000f9 2499      	CLR  R9
                 ; 0000 00B4 SDA_IN;
0000fa 9889      	CBI  0x11,1
                 ; 0000 00B5 
                 ; 0000 00B6 
                 ; 0000 00B7 
                 ; 0000 00B8 for (i = 0; i < 8; i++)
0000fb e010      	LDI  R17,LOW(0)
                 _0x21:
0000fc 3018      	CPI  R17,8
0000fd f4a8      	BRSH _0x22
                 ; 0000 00B9 {
                 ; 0000 00BA 
                 ; 0000 00BB CLK_HIGH;
0000fe 9a90      	SBI  0x12,0
                 ; 0000 00BC delay_us(6);
                +
0000ff e280     +LDI R24 , LOW ( 32 )
                +__DELAY_USB_LOOP :
000100 958a     +DEC R24
000101 f7f1     +BRNE __DELAY_USB_LOOP
                 	__DELAY_USB 32
                 ; 0000 00BD CLK_LOW;
000102 d076      	RCALL SUBOPT_0x4
                 ; 0000 00BE delay_us(6);
                 ; 0000 00BF 
                 ; 0000 00C0 
                 ; 0000 00C1 
                 ; 0000 00C2 
                 ; 0000 00C3 TEMP_READ_DATA = ((PIND&0x02)==0x00) ? 0x00 : 0x80;
000103 9981      	SBIC 0x10,1
000104 c002      	RJMP _0x23
000105 e0e0      	LDI  R30,LOW(0)
000106 c001      	RJMP _0x24
                 _0x23:
000107 e8e0      	LDI  R30,LOW(128)
                 _0x24:
000108 2f0e      	MOV  R16,R30
                 ; 0000 00C4 TEMP_READ_DATA >>= i;
000109 2fe1      	MOV  R30,R17
00010a 2fa0      	MOV  R26,R16
00010b d085      	RCALL __LSRB12
00010c 2f0e      	MOV  R16,R30
                 ; 0000 00C5 READ_DATA |= TEMP_READ_DATA;
00010d 2a90      	OR   R9,R16
                 ; 0000 00C6 
                 ; 0000 00C7 delay_us(6);
                +
00010e e280     +LDI R24 , LOW ( 32 )
                +__DELAY_USB_LOOP :
00010f 958a     +DEC R24
000110 f7f1     +BRNE __DELAY_USB_LOOP
                 	__DELAY_USB 32
                 ; 0000 00C8 } // end of for()
000111 5f1f      	SUBI R17,-1
000112 cfe9      	RJMP _0x21
                 _0x22:
                 ; 0000 00C9 }
000113 9109      	LD   R16,Y+
000114 9119      	LD   R17,Y+
000115 9508      	RET
                 ; .FEND
                 ;void ACK_read(void){
                 ; 0000 00CB void ACK_read(void){
                 _ACK_read:
                 ; .FSTART _ACK_read
                 ; 0000 00CC U8 i = 0;                                // ACK 확인받기위한 반복문 변수
                 ; 0000 00CD 
                 ; 0000 00CE SDA_IN;                                  // 데이터 입력
000116 931a      	ST   -Y,R17
                 ;	i -> R17
000117 e010      	LDI  R17,0
000118 9889      	CBI  0x11,1
                 ; 0000 00CF CLK_HIGH;                                // ACK 신호 받기준비
000119 9a90      	SBI  0x12,0
                 ; 0000 00D0 for(i=10;i>0;i--){                       // 10번 반복중  ACK 받으면 반복문 빠져 나감
00011a e01a      	LDI  R17,LOW(10)
                 _0x27:
00011b 3011      	CPI  R17,1
00011c f048      	BRLO _0x28
                 ; 0000 00D1 if((PIND & 0x02) == 0x00){i=1;
00011d 9981      	SBIC 0x10,1
00011e c003      	RJMP _0x29
00011f e011      	LDI  R17,LOW(1)
                 ; 0000 00D2 PORTC=0xFE;
000120 efee      	LDI  R30,LOW(254)
000121 c001      	RJMP _0x2E
                 ; 0000 00D3 }
                 ; 0000 00D4 else PORTC=0x0F;                     // NACK 받았다면 LED 다 켜짐
                 _0x29:
000122 e0ef      	LDI  R30,LOW(15)
                 _0x2E:
000123 bbe5      	OUT  0x15,R30
                 ; 0000 00D5 }//end of for
000124 5011      	SUBI R17,1
000125 cff5      	RJMP _0x27
                 _0x28:
                 ; 0000 00D6 delay_us(6);
                +
000126 e280     +LDI R24 , LOW ( 32 )
                +__DELAY_USB_LOOP :
000127 958a     +DEC R24
000128 f7f1     +BRNE __DELAY_USB_LOOP
                 	__DELAY_USB 32
                 ; 0000 00D7 CLK_LOW;
000129 9890      	CBI  0x12,0
                 ; 0000 00D8 SDA_OUT;                                 //데이터 출력
00012a 9a89      	SBI  0x11,1
                 ; 0000 00D9 delay_us(6);
                +
00012b e280     +LDI R24 , LOW ( 32 )
                +__DELAY_USB_LOOP :
00012c 958a     +DEC R24
00012d f7f1     +BRNE __DELAY_USB_LOOP
                 	__DELAY_USB 32
                 ; 0000 00DA }
00012e c02f      	RJMP _0x2000001
                 ; .FEND
                 ;void Random_read(void){
                 ; 0000 00DC void Random_read(void){
                 _Random_read:
                 ; .FSTART _Random_read
                 ; 0000 00DD IIC_START();             // start
00012f d030      	RCALL SUBOPT_0x0
                 ; 0000 00DE Process_8data(DEV_ADD_W);// device address 7bit와 write 0
                 ; 0000 00DF ACK_read();              // ack
                 ; 0000 00E0 Process_8data(IIC_ADD);  // address 8bits
                 ; 0000 00E1 ACK_read();              // ack
                 ; 0000 00E2 IIC_START();             // start
000130 d04d      	RCALL SUBOPT_0x5
                 ; 0000 00E3 Process_8data(DEV_ADD_R);// device address 7bit와 read 1
                 ; 0000 00E4 ACK_read();              // ack
                 ; 0000 00E5 Process_8data_read();    // data 8bits read
000131 dfc4      	RCALL _Process_8data_read
                 ; 0000 00E6 no_ACK();                // nack 데이터 그만 주기 master->slave
000132 d002      	RCALL _no_ACK
                 ; 0000 00E7 IIC_STOP();
                 _0x2000005:
000133 df98      	RCALL _IIC_STOP
                 ; 0000 00E8 //    PORTC=READ_DATA;            // 시험용으로 READ_DATA 확인용
                 ; 0000 00E9 }//end of Random_read
000134 9508      	RET
                 ; .FEND
                 ;void no_ACK(void){
                 ; 0000 00EB void no_ACK(void){
                 _no_ACK:
                 ; .FSTART _no_ACK
                 ; 0000 00EC SDA_OUT;
000135 9a89      	SBI  0x11,1
                 ; 0000 00ED DAT_HIGH;
000136 9a91      	SBI  0x12,1
                 ; 0000 00EE CLK_HIGH;
000137 c002      	RJMP _0x2000003
                 ; 0000 00EF delay_us(12);
                 ; 0000 00F0 CLK_LOW;
                 ; 0000 00F1 delay_us(6);
                 ; 0000 00F2 }
                 ; .FEND
                 ;void ACK(void){
                 ; 0000 00F3 void ACK(void){
                 _ACK:
                 ; .FSTART _ACK
                 ; 0000 00F4 SDA_OUT;
000138 9a89      	SBI  0x11,1
                 ; 0000 00F5 DAT_LOW;
000139 d03a      	RCALL SUBOPT_0x3
                 ; 0000 00F6 delay_us(6);
                 ; 0000 00F7 CLK_HIGH;
                 _0x2000003:
00013a 9a90      	SBI  0x12,0
                 ; 0000 00F8 delay_us(12);
                +
00013b e480     +LDI R24 , LOW ( 64 )
                +__DELAY_USB_LOOP :
00013c 958a     +DEC R24
00013d f7f1     +BRNE __DELAY_USB_LOOP
                 	__DELAY_USB 64
                 ; 0000 00F9 CLK_LOW;
                 _0x2000004:
00013e 9890      	CBI  0x12,0
                 ; 0000 00FA delay_us(6);
                +
00013f e280     +LDI R24 , LOW ( 32 )
                +__DELAY_USB_LOOP :
000140 958a     +DEC R24
000141 f7f1     +BRNE __DELAY_USB_LOOP
                 	__DELAY_USB 32
                 ; 0000 00FB }
000142 9508      	RET
                 ; .FEND
                 ;void Sequential_read(void){
                 ; 0000 00FC void Sequential_read(void){
                 _Sequential_read:
                 ; .FSTART _Sequential_read
                 ; 0000 00FD U8 i;
                 ; 0000 00FE IIC_START();
000143 931a      	ST   -Y,R17
                 ;	i -> R17
000144 d01b      	RCALL SUBOPT_0x0
                 ; 0000 00FF Process_8data(DEV_ADD_W);
                 ; 0000 0100 ACK_read();
                 ; 0000 0101 Process_8data(IIC_ADD);
                 ; 0000 0102 ACK_read();
                 ; 0000 0103 IIC_START();
000145 d038      	RCALL SUBOPT_0x5
                 ; 0000 0104 Process_8data(DEV_ADD_R);
                 ; 0000 0105 ACK_read();
                 ; 0000 0106 for(i=0;i<4;i++){
000146 e010      	LDI  R17,LOW(0)
                 _0x2C:
000147 3014      	CPI  R17,4
000148 f458      	BRSH _0x2D
                 ; 0000 0107 Process_8data_read();
000149 dfac      	RCALL _Process_8data_read
                 ; 0000 0108 DATA_READ_FIVE[i]=READ_DATA;
00014a d037      	RCALL SUBOPT_0x6
00014b 8290      	ST   Z,R9
                 ; 0000 0109 ACK();
00014c dfeb      	RCALL _ACK
                 ; 0000 010A check_sum_read+=DATA_READ_FIVE[i];
00014d d034      	RCALL SUBOPT_0x6
00014e 81e0      	LD   R30,Z
00014f e0f0      	LDI  R31,0
                +
000150 0ece     +ADD R12 , R30
000151 1edf     +ADC R13 , R31
                 	__ADDWRR 12,13,30,31
                 ; 0000 010B }
000152 5f1f      	SUBI R17,-1
000153 cff3      	RJMP _0x2C
                 _0x2D:
                 ; 0000 010C Process_8data_read();
000154 dfa1      	RCALL _Process_8data_read
                 ; 0000 010D DATA_READ_FIVE[4]=READ_DATA;
                +
000155 9290 0509+STS _DATA_READ_FIVE + ( 4 ) , R9
                 	__PUTBMRN _DATA_READ_FIVE,4,9
                 ; 0000 010E no_ACK();
000157 dfdd      	RCALL _no_ACK
                 ; 0000 010F check_sum_read+=DATA_READ_FIVE[4];
                +
000158 91e0 0509+LDS R30 , _DATA_READ_FIVE + ( 4 )
                 	__GETB1MN _DATA_READ_FIVE,4
00015a e0f0      	LDI  R31,0
                +
00015b 0ece     +ADD R12 , R30
00015c 1edf     +ADC R13 , R31
                 	__ADDWRR 12,13,30,31
                 ; 0000 0110 IIC_STOP();
                 _0x2000002:
00015d df6e      	RCALL _IIC_STOP
                 ; 0000 0111 }
                 _0x2000001:
00015e 9119      	LD   R17,Y+
00015f 9508      	RET
                 ; .FEND
                 
                 	.DSEG
                 _DATA_FIVE:
000500           	.BYTE 0x5
                 _DATA_READ_FIVE:
000505           	.BYTE 0x5
                 
                 	.CSEG
                 ;OPTIMIZER ADDED SUBROUTINE, CALLED 4 TIMES, CODE SIZE REDUCTION:16 WORDS
                 SUBOPT_0x0:
000160 df67      	RCALL _IIC_START
000161 2da5      	MOV  R26,R5
000162 df6d      	RCALL _Process_8data
000163 dfb2      	RCALL _ACK_read
000164 2da7      	MOV  R26,R7
000165 df6a      	RCALL _Process_8data
000166 cfaf      	RJMP _ACK_read
                 
                 ;OPTIMIZER ADDED SUBROUTINE, CALLED 2 TIMES, CODE SIZE REDUCTION:1 WORDS
                 SUBOPT_0x1:
000167 2fe1      	MOV  R30,R17
000168 e0f0      	LDI  R31,0
000169 50e0      	SUBI R30,LOW(-_DATA_FIVE)
00016a 4ffb      	SBCI R31,HIGH(-_DATA_FIVE)
00016b 9508      	RET
                 
                 ;OPTIMIZER ADDED SUBROUTINE, CALLED 4 TIMES, CODE SIZE REDUCTION:16 WORDS
                 SUBOPT_0x2:
                +
00016c e280     +LDI R24 , LOW ( 32 )
                +__DELAY_USB_LOOP :
00016d 958a     +DEC R24
00016e f7f1     +BRNE __DELAY_USB_LOOP
                 	__DELAY_USB 32
00016f 9a90      	SBI  0x12,0
                +
000170 e280     +LDI R24 , LOW ( 32 )
                +__DELAY_USB_LOOP :
000171 958a     +DEC R24
000172 f7f1     +BRNE __DELAY_USB_LOOP
                 	__DELAY_USB 32
000173 9508      	RET
                 
                 ;OPTIMIZER ADDED SUBROUTINE, CALLED 2 TIMES, CODE SIZE REDUCTION:1 WORDS
                 SUBOPT_0x3:
000174 9891      	CBI  0x12,1
                +
000175 e280     +LDI R24 , LOW ( 32 )
                +__DELAY_USB_LOOP :
000176 958a     +DEC R24
000177 f7f1     +BRNE __DELAY_USB_LOOP
                 	__DELAY_USB 32
000178 9508      	RET
                 
                 ;OPTIMIZER ADDED SUBROUTINE, CALLED 3 TIMES, CODE SIZE REDUCTION:4 WORDS
                 SUBOPT_0x4:
000179 9890      	CBI  0x12,0
                +
00017a e280     +LDI R24 , LOW ( 32 )
                +__DELAY_USB_LOOP :
00017b 958a     +DEC R24
00017c f7f1     +BRNE __DELAY_USB_LOOP
                 	__DELAY_USB 32
00017d 9508      	RET
                 
                 ;OPTIMIZER ADDED SUBROUTINE, CALLED 2 TIMES, CODE SIZE REDUCTION:1 WORDS
                 SUBOPT_0x5:
00017e df49      	RCALL _IIC_START
00017f 2da4      	MOV  R26,R4
000180 df4f      	RCALL _Process_8data
000181 cf94      	RJMP _ACK_read
                 
                 ;OPTIMIZER ADDED SUBROUTINE, CALLED 2 TIMES, CODE SIZE REDUCTION:1 WORDS
                 SUBOPT_0x6:
000182 2fe1      	MOV  R30,R17
000183 e0f0      	LDI  R31,0
000184 5feb      	SUBI R30,LOW(-_DATA_READ_FIVE)
000185 4ffa      	SBCI R31,HIGH(-_DATA_READ_FIVE)
000186 9508      	RET
                 
                 ;RUNTIME LIBRARY
                 
                 	.CSEG
                 __SAVELOCR4:
000187 933a      	ST   -Y,R19
                 __SAVELOCR3:
000188 932a      	ST   -Y,R18
                 __SAVELOCR2:
000189 931a      	ST   -Y,R17
00018a 930a      	ST   -Y,R16
00018b 9508      	RET
                 
                 __LOADLOCR4:
00018c 813b      	LDD  R19,Y+3
                 __LOADLOCR3:
00018d 812a      	LDD  R18,Y+2
                 __LOADLOCR2:
00018e 8119      	LDD  R17,Y+1
00018f 8108      	LD   R16,Y
000190 9508      	RET
                 
                 __LSRB12:
000191 23ee      	TST  R30
000192 2e0e      	MOV  R0,R30
000193 2fea      	MOV  R30,R26
000194 f019      	BREQ __LSRB12R
                 __LSRB12L:
000195 95e6      	LSR  R30
000196 940a      	DEC  R0
000197 f7e9      	BRNE __LSRB12L
                 __LSRB12R:
000198 9508      	RET
                 
                 ;END OF CODE MARKER
                 __END_OF_CODE:


RESOURCE USE INFORMATION
------------------------

Notice:
The register and instruction counts are symbol table hit counts,
and hence implicitly used resources are not counted, eg, the
'lpm' instruction without operands implicitly uses r0 and z,
none of which are counted.

x,y,z are separate entities in the symbol table and are
counted separately from r26..r31 here.

.dseg memory usage only counts static data declared with .byte

ATmega128A register use summary:
r0 :   6 r1 :   1 r2 :   0 r3 :   0 r4 :   1 r5 :   1 r6 :   1 r7 :   1 
r8 :   0 r9 :   4 r10:   2 r11:   2 r12:   3 r13:   3 r14:   0 r15:   0 
r16:  20 r17:  35 r18:   2 r19:   4 r20:   0 r21:   0 r22:   2 r23:   0 
r24:  30 r25:   2 r26:  11 r27:   3 r28:   2 r29:   1 r30:  57 r31:  13 
x  :   3 y  :  16 z  :  11 
Registers used: 27 out of 35 (77.1%)

ATmega128A instruction use summary:
.lds  :   0 .lds.l:   0 .sts  :   0 .sts.l:   0 adc   :   3 add   :   3 
adiw  :   1 and   :   0 andi  :   5 asr   :   0 bclr  :   0 bld   :   0 
brbc  :   0 brbs  :   0 brcc  :   0 brcs  :   0 break :   0 breq  :   6 
brge  :   0 brhc  :   0 brhs  :   0 brid  :   0 brie  :   0 brlo  :   1 
brlt  :   0 brmi  :   0 brne  :  23 brpl  :   0 brsh  :   4 brtc  :   0 
brts  :   0 brvc  :   0 brvs  :   0 bset  :   0 bst   :   0 call  :   0 
cbi   :  10 cbr   :   0 clc   :   0 clh   :   0 cli   :   1 cln   :   0 
clr   :   3 cls   :   0 clt   :   0 clv   :   0 clz   :   0 com   :   0 
cp    :   1 cpc   :   1 cpi   :  16 cpse  :   0 dec   :  13 des   :   0 
elpm  :   0 eor   :   0 fmul  :   0 fmuls :   0 fmulsu:   0 icall :   0 
ijmp  :   0 in    :   2 inc   :   0 jmp   :  36 ld    :   7 ldd   :   3 
ldi   :  45 lds   :   1 lpm   :   7 lsl   :   1 lsr   :   1 mov   :  20 
movw  :   3 mul   :   0 muls  :   0 mulsu :   0 neg   :   0 nop   :   0 
or    :   1 ori   :   0 out   :  10 pop   :   0 push  :   0 rcall :  44 
ret   :  13 reti  :   0 rjmp  :  26 rol   :   0 ror   :   0 sbc   :   0 
sbci  :   2 sbi   :  14 sbic  :   2 sbis  :   0 sbiw  :   3 sbr   :   0 
sbrc  :   0 sbrs  :   0 sec   :   0 seh   :   0 sei   :   0 sen   :   0 
ser   :   0 ses   :   0 set   :   0 sev   :   0 sez   :   0 sleep :   0 
spm   :   0 st    :  13 std   :   0 sts   :   2 sub   :   0 subi  :   7 
swap  :   0 tst   :   1 wdr   :   0 
Instructions used: 39 out of 117 (33.3%)

ATmega128A memory use summary [bytes]:
Segment   Begin    End      Code   Data   Used    Size   Use%
---------------------------------------------------------------
[.cseg] 0x000000 0x000332    788     30    818  131072   0.6%
[.dseg] 0x000100 0x00050a      0     10     10    4096   0.2%
[.eseg] 0x000000 0x000000      0      0      0    4096   0.0%

Assembly complete, 0 errors, 10 warnings
