../Core/Src/main.c:76:6:HAL_GPIO_EXTI_Callback	3
../Core/Src/main.c:95:5:main	1
../Core/Src/main.c:189:6:SystemClock_Config	3
../Core/Src/main.c:235:13:MX_NVIC_Init	1
../Core/Src/main.c:252:13:MX_TIM3_Init	4
../Core/Src/main.c:297:13:MX_USART2_UART_Init	2
../Core/Src/main.c:330:13:MX_GPIO_Init	1
../Core/Src/main.c:390:6:StartTask01	3
../Core/Src/main.c:416:6:StartTask02	3
../Core/Src/main.c:442:6:StartTask03	3
../Core/Src/main.c:468:6:HAL_TIM_PeriodElapsedCallback	3
../Core/Src/main.c:490:6:Error_Handler	1
