../Core/Src/..\\..\\..\\Lib\\MyLib.c:1:5:__io_putchar	1
../Core/Src/main.c:71:6:HAL_GPIO_EXTI_Callback	2
../Core/Src/main.c:85:5:main	2
../Core/Src/main.c:182:6:SystemClock_Config	3
../Core/Src/main.c:228:13:MX_NVIC_Init	1
../Core/Src/main.c:240:13:MX_USART2_UART_Init	2
../Core/Src/main.c:273:13:MX_GPIO_Init	1
../Core/Src/main.c:326:6:StartDefaultTask	2
../Core/Src/main.c:351:6:StartTask02	2
../Core/Src/main.c:376:6:StartTask03	2
../Core/Src/main.c:401:6:StartTask04	2
../Core/Src/main.c:427:6:HAL_TIM_PeriodElapsedCallback	2
../Core/Src/main.c:444:6:Error_Handler	1
