17:31:05 **** Incremental Build of configuration Debug for project mbperiApp ****
make all 
'Building file: ../src/helloworld.c'
'Invoking: MicroBlaze gcc compiler'
mb-gcc -Wall -O0 -g3 -c -fmessage-length=0 -MT"src/helloworld.o" -IC:/Harman/Verilog/mb1_wrapper/export/mb1_wrapper/sw/mb1_wrapper/standalone_microblaze_0/bspinclude/include -mlittle-endian -mcpu=v11.0 -mxl-soft-mul -Wl,--no-relax -ffunction-sections -fdata-sections -MMD -MP -MF"src/helloworld.d" -MT"src/helloworld.o" -o "src/helloworld.o" "../src/helloworld.c"
'Finished building: ../src/helloworld.c'
' '
'Building target: mbperiApp.elf'
'Invoking: MicroBlaze gcc linker'
mb-gcc -Wl,-T -Wl,../src/lscript.ld -LC:/Harman/Verilog/mb1_wrapper/export/mb1_wrapper/sw/mb1_wrapper/standalone_microblaze_0/bsplib/lib -mlittle-endian -mcpu=v11.0 -mxl-soft-mul -Wl,--no-relax -Wl,--gc-sections -o "mbperiApp.elf"  ./src/helloworld.o ./src/platform.o   -Wl,--start-group,-lxil,-lgcc,-lc,--end-group
'Finished building target: mbperiApp.elf'
' '
'Invoking: MicroBlaze Print Size'
mb-size mbperiApp.elf  |tee "mbperiApp.elf.size"
   text	   data	    bss	    dec	    hex	filename
  17124	    440	   3572	  21136	   5290	mbperiApp.elf
'Finished building: mbperiApp.elf.size'
' '

17:31:06 Build Finished (took 843ms)

