#-----------------------------------------------------------
# Vivado v2024.1 (64-bit)
# SW Build 5076996 on Wed May 22 18:37:14 MDT 2024
# IP Build 5075265 on Wed May 22 21:45:21 MDT 2024
# SharedData Build 5076995 on Wed May 22 18:29:18 MDT 2024
# Start of session at: Tue Jul 16 15:04:24 2024
# Process ID: 2308
# Current directory: C:/Harman/Verilog/SoC_07_16_Project_prac/SoC_07_16_Project_prac.runs/impl_1
# Command line: vivado.exe -log Servo_interface.vdi -applog -product Vivado -messageDb vivado.pb -mode batch -source Servo_interface.tcl -notrace
# Log file: C:/Harman/Verilog/SoC_07_16_Project_prac/SoC_07_16_Project_prac.runs/impl_1/Servo_interface.vdi
# Journal file: C:/Harman/Verilog/SoC_07_16_Project_prac/SoC_07_16_Project_prac.runs/impl_1\vivado.jou
# Running On        :ST04
# Platform          :Windows Server 2016 or Windows 10
# Operating System  :19045
# Processor Detail  :Intel(R) Core(TM) i7-6700 CPU @ 3.40GHz
# CPU Frequency     :3408 MHz
# CPU Physical cores:4
# CPU Logical cores :8
# Host memory       :8541 MB
# Swap memory       :7247 MB
# Total Virtual     :15789 MB
# Available Virtual :5081 MB
#-----------------------------------------------------------
source Servo_interface.tcl -notrace
