Copyright 1986-2022 Xilinx, Inc. All Rights Reserved. Copyright 2022-2024 Advanced Micro Devices, Inc. All Rights Reserved.
---------------------------------------------------------------------------------------------------------------------------------------------
| Tool Version : Vivado v.2024.1 (win64) Build 5076996 Wed May 22 18:37:14 MDT 2024
| Date         : Wed Jun 19 16:41:45 2024
| Host         : ST04 running 64-bit major release  (build 9200)
| Command      : report_drc -file micBlazeAppTop_drc_routed.rpt -pb micBlazeAppTop_drc_routed.pb -rpx micBlazeAppTop_drc_routed.rpx
| Design       : micBlazeAppTop
| Device       : xc7a35tcpg236-1
| Speed File   : -1
| Design State : Fully Routed
---------------------------------------------------------------------------------------------------------------------------------------------

Report DRC

Table of Contents
-----------------
1. REPORT SUMMARY
2. REPORT DETAILS

1. REPORT SUMMARY
-----------------
            Netlist: netlist
          Floorplan: design_1
      Design limits: <entire design considered>
           Ruledeck: default
             Max violations: <unlimited>
             Violations found: 2
+-----------+----------+------------------------------------------------+------------+
| Rule      | Severity | Description                                    | Violations |
+-----------+----------+------------------------------------------------+------------+
| PLIO-6    | Warning  | Placement Constraints Check for IO constraints | 1          |
| REQP-1617 | Warning  | use_IOB_register                               | 1          |
+-----------+----------+------------------------------------------------+------------+

2. REPORT DETAILS
-----------------
PLIO-6#1 Warning
Placement Constraints Check for IO constraints  
Invalid constraint on register mb1_i/spi/U0/NO_DUAL_QUAD_MODE.QSPI_NORMAL/IO1_I_REG. It has the property IOB=TRUE, but it is not driving or driven by any IO element.
Related violations: <none>

REQP-1617#1 Warning
use_IOB_register  
The FDRE cell mb1_i/spi/U0/NO_DUAL_QUAD_MODE.QSPI_NORMAL/IO1_I_REG has IOB set to TRUE, but does not connect directly to an IO cell. Remove the constraint or ensure the FDRE is properly connected to an IO.
Related violations: <none>


