#-----------------------------------------------------------
# Vivado v2024.1 (64-bit)
# SW Build 5076996 on Wed May 22 18:37:14 MDT 2024
# IP Build 5075265 on Wed May 22 21:45:21 MDT 2024
# SharedData Build 5076995 on Wed May 22 18:29:18 MDT 2024
# Start of session at: Mon Jul 15 21:10:40 2024
# Process ID: 9916
# Current directory: C:/Harman/Verilog/SoC_07_15_TEST/SoC_07_15_TEST.runs/system_xbar_0_synth_1
# Command line: vivado.exe -log system_xbar_0.vds -product Vivado -mode batch -messageDb vivado.pb -notrace -source system_xbar_0.tcl
# Log file: C:/Harman/Verilog/SoC_07_15_TEST/SoC_07_15_TEST.runs/system_xbar_0_synth_1/system_xbar_0.vds
# Journal file: C:/Harman/Verilog/SoC_07_15_TEST/SoC_07_15_TEST.runs/system_xbar_0_synth_1\vivado.jou
# Running On        :Park
# Platform          :Windows Server 2016 or Windows 10
# Operating System  :22631
# Processor Detail  :AMD Ryzen 5 5600 6-Core Processor              
# CPU Frequency     :3500 MHz
# CPU Physical cores:6
# CPU Logical cores :12
# Host memory       :17086 MB
# Swap memory       :8053 MB
# Total Virtual     :25139 MB
# Available Virtual :7379 MB
#-----------------------------------------------------------
source system_xbar_0.tcl -notrace
